// Jest Snapshot v1, https://goo.gl/fbAQLP

exports[`AccCtrl Component test Snapshot? 1`] = `ShallowWrapper {}`;
